<testsuite errors="0" failures="0" name="Django Project Tests" skips="0" tests="31" time="3.884"><testcase classname="students.tests.test_signals.StudentSignalTests" name="test_add_update_student_event" time="0.017577" /><testcase classname="students.tests.test_signals.StudentSignalTests" name="test_log_exam_add_update" time="0.036276" /><testcase classname="students.tests.test_signals.StudentSignalTests" name="test_log_exam_change_groups" time="0.018194" /><testcase classname="students.tests.test_signals.StudentSignalTests" name="test_log_exam_delete" time="0.012544" /><testcase classname="students.tests.test_signals.StudentSignalTests" name="test_log_group_add_update_event" time="0.074797" /><testcase classname="students.tests.test_signals.StudentSignalTests" name="test_log_group_delete" time="0.012859" /><testcase classname="students.tests.test_signals.StudentSignalTests" name="test_log_monthjournal_add_update" time="0.020706" /><testcase classname="students.tests.test_signals.StudentSignalTests" name="test_log_monthjournal_delete" time="0.020330" /><testcase classname="students.tests.test_signals.StudentSignalTests" name="test_log_result_exam_add_update" time="0.009452" /><testcase classname="students.tests.test_signals.StudentSignalTests" name="test_log_result_exam_change_students" time="0.022258" /><testcase classname="students.tests.test_signals.StudentSignalTests" name="test_log_result_exam_delete" time="0.010726" /><testcase classname="students.tests.test_signals.StudentSignalTests" name="test_log_student_delete_event" time="0.027868" /><testcase classname="students.tests.test_contact_admin.ContactAdminFormTests" name="test_email_sent" time="0.181868" /><testcase classname="students.tests.test_student_forms.TestStudentUpdateForm" name="test_cancel_button" time="0.123935" /><testcase classname="students.tests.test_student_forms.TestStudentUpdateForm" name="test_css_and_other" time="0.174159" /><testcase classname="students.tests.test_student_forms.TestStudentUpdateForm" name="test_form" time="0.158922" /><testcase classname="students.tests.test_student_forms.TestStudentUpdateForm" name="test_success" time="0.156488" /><testcase classname="students.tests.test_student_views.TestStudentList" name="test_current_group" time="0.133341" /><testcase classname="students.tests.test_student_views.TestStudentList" name="test_order_by" time="0.135591" /><testcase classname="students.tests.test_student_views.TestStudentList" name="test_order_by_reverse" time="0.112980" /><testcase classname="students.tests.test_student_views.TestStudentList" name="test_pagination" time="0.256344" /><testcase classname="students.tests.test_student_views.TestStudentList" name="test_students_list" time="0.106280" /><testcase classname="students.tests.test_util.UtilsTestCase" name="test_boundsStuds" time="0.072850" /><testcase classname="students.tests.test_util.UtilsTestCase" name="test_get_current_group" time="0.107839" /><testcase classname="students.tests.test_util.UtilsTestCase" name="test_get_group" time="0.091728" /><testcase classname="students.tests.test_util.UtilsTestCase" name="test_paginate" time="0.106467" /><testcase classname="students.tests.test_models.ExamModelTests" name="test_unicode" time="0.000539" /><testcase classname="students.tests.test_models.GroupModelTests" name="test_unicode" time="0.012552" /><testcase classname="students.tests.test_models.MonthJournalModelTests" name="test_unicode" time="0.020455" /><testcase classname="students.tests.test_models.ResultExamModelTests" name="test_unicode" time="0.025629" /><testcase classname="students.tests.test_models.StudentModelTests" name="test_unicode" time="0.000353" /></testsuite>